[2025-07-28 16:08:24,208] 96 werkzeug -INFO -[31m[1mWARNING: This is a development server. Do not use it in a production deployment. Use a production WSGI server instead.[0m
 * Running on all addresses (0.0.0.0)
 * Running on http://127.0.0.1:5000
 * Running on http://192.168.1.7:5000
[2025-07-28 16:08:24,208] 96 werkzeug -INFO -[33mPress CTRL+C to quit[0m
[2025-07-28 16:08:30,270] 20 root -INFO -Creating Data Frame...
[2025-07-28 16:08:30,271] 838 app -ERROR -Exception on /predictdata [POST]
Traceback (most recent call last):
  File "/home/ahaanbanerjee/ML_pipeline/src/pipeline/predict_pipeline.py", line 25, in process_data
    return pd.DataFrame(data_dict,index=False)
  File "/home/ahaanbanerjee/.local/lib/python3.8/site-packages/pandas/core/frame.py", line 709, in __init__
    mgr = dict_to_mgr(data, index, columns, dtype=dtype, copy=copy, typ=manager)
  File "/home/ahaanbanerjee/.local/lib/python3.8/site-packages/pandas/core/internals/construction.py", line 481, in dict_to_mgr
    return arrays_to_mgr(arrays, columns, index, dtype=dtype, typ=typ, consolidate=copy)
  File "/home/ahaanbanerjee/.local/lib/python3.8/site-packages/pandas/core/internals/construction.py", line 117, in arrays_to_mgr
    index = ensure_index(index)
  File "/home/ahaanbanerjee/.local/lib/python3.8/site-packages/pandas/core/indexes/base.py", line 7128, in ensure_index
    return Index(index_like, copy=copy)
  File "/home/ahaanbanerjee/.local/lib/python3.8/site-packages/pandas/core/indexes/base.py", line 516, in __new__
    raise cls._raise_scalar_data_error(data)
  File "/home/ahaanbanerjee/.local/lib/python3.8/site-packages/pandas/core/indexes/base.py", line 5066, in _raise_scalar_data_error
    raise TypeError(
TypeError: Index(...) must be called with a collection of some kind, False was passed

During handling of the above exception, another exception occurred:

Traceback (most recent call last):
  File "/home/ahaanbanerjee/anaconda3/envs/mlops/lib/python3.8/site-packages/flask/app.py", line 1473, in wsgi_app
    response = self.full_dispatch_request()
  File "/home/ahaanbanerjee/anaconda3/envs/mlops/lib/python3.8/site-packages/flask/app.py", line 882, in full_dispatch_request
    rv = self.handle_user_exception(e)
  File "/home/ahaanbanerjee/anaconda3/envs/mlops/lib/python3.8/site-packages/flask/app.py", line 880, in full_dispatch_request
    rv = self.dispatch_request()
  File "/home/ahaanbanerjee/anaconda3/envs/mlops/lib/python3.8/site-packages/flask/app.py", line 865, in dispatch_request
    return self.ensure_sync(self.view_functions[rule.endpoint])(**view_args)  # type: ignore[no-any-return]
  File "app.py", line 24, in predict_datapoint
    data = pipe_obj.process_data(
  File "/home/ahaanbanerjee/ML_pipeline/src/pipeline/predict_pipeline.py", line 27, in process_data
    raise CustomException (e,sys)
src.exception.CustomException: There was an error in the python script [/home/ahaanbanerjee/ML_pipeline/src/pipeline/predict_pipeline.py] line number [25] error message: [Index(...) must be called with a collection of some kind, False was passed]
[2025-07-28 16:08:30,276] 96 werkzeug -INFO -127.0.0.1 - - [28/Jul/2025 16:08:30] "[35m[1mPOST /predictdata HTTP/1.1[0m" 500 -
[2025-07-28 16:08:35,642] 96 werkzeug -INFO -127.0.0.1 - - [28/Jul/2025 16:08:35] "GET / HTTP/1.1" 200 -
[2025-07-28 16:08:38,990] 96 werkzeug -INFO -127.0.0.1 - - [28/Jul/2025 16:08:38] "GET /predictdata HTTP/1.1" 200 -
[2025-07-28 16:08:51,451] 20 root -INFO -Creating Data Frame...
[2025-07-28 16:08:51,452] 838 app -ERROR -Exception on /predictdata [POST]
Traceback (most recent call last):
  File "/home/ahaanbanerjee/ML_pipeline/src/pipeline/predict_pipeline.py", line 25, in process_data
    return pd.DataFrame(data_dict,index=False)
  File "/home/ahaanbanerjee/.local/lib/python3.8/site-packages/pandas/core/frame.py", line 709, in __init__
    mgr = dict_to_mgr(data, index, columns, dtype=dtype, copy=copy, typ=manager)
  File "/home/ahaanbanerjee/.local/lib/python3.8/site-packages/pandas/core/internals/construction.py", line 481, in dict_to_mgr
    return arrays_to_mgr(arrays, columns, index, dtype=dtype, typ=typ, consolidate=copy)
  File "/home/ahaanbanerjee/.local/lib/python3.8/site-packages/pandas/core/internals/construction.py", line 117, in arrays_to_mgr
    index = ensure_index(index)
  File "/home/ahaanbanerjee/.local/lib/python3.8/site-packages/pandas/core/indexes/base.py", line 7128, in ensure_index
    return Index(index_like, copy=copy)
  File "/home/ahaanbanerjee/.local/lib/python3.8/site-packages/pandas/core/indexes/base.py", line 516, in __new__
    raise cls._raise_scalar_data_error(data)
  File "/home/ahaanbanerjee/.local/lib/python3.8/site-packages/pandas/core/indexes/base.py", line 5066, in _raise_scalar_data_error
    raise TypeError(
TypeError: Index(...) must be called with a collection of some kind, False was passed

During handling of the above exception, another exception occurred:

Traceback (most recent call last):
  File "/home/ahaanbanerjee/anaconda3/envs/mlops/lib/python3.8/site-packages/flask/app.py", line 1473, in wsgi_app
    response = self.full_dispatch_request()
  File "/home/ahaanbanerjee/anaconda3/envs/mlops/lib/python3.8/site-packages/flask/app.py", line 882, in full_dispatch_request
    rv = self.handle_user_exception(e)
  File "/home/ahaanbanerjee/anaconda3/envs/mlops/lib/python3.8/site-packages/flask/app.py", line 880, in full_dispatch_request
    rv = self.dispatch_request()
  File "/home/ahaanbanerjee/anaconda3/envs/mlops/lib/python3.8/site-packages/flask/app.py", line 865, in dispatch_request
    return self.ensure_sync(self.view_functions[rule.endpoint])(**view_args)  # type: ignore[no-any-return]
  File "app.py", line 24, in predict_datapoint
    data = pipe_obj.process_data(
  File "/home/ahaanbanerjee/ML_pipeline/src/pipeline/predict_pipeline.py", line 27, in process_data
    raise CustomException (e,sys)
src.exception.CustomException: There was an error in the python script [/home/ahaanbanerjee/ML_pipeline/src/pipeline/predict_pipeline.py] line number [25] error message: [Index(...) must be called with a collection of some kind, False was passed]
[2025-07-28 16:08:51,453] 96 werkzeug -INFO -127.0.0.1 - - [28/Jul/2025 16:08:51] "[35m[1mPOST /predictdata HTTP/1.1[0m" 500 -
